This is the test file for the module 2-matrix_divided.py

First importing the method from the module:
-------------------------------------------

>>> matrix_divided = __import__('2-matrix_divided').matrix_divided

Testing empty argument:
>>> matrix_divided()
Traceback (most recent call last):
    ...
TypeError: matrix_divided() missing 2 required positional arguments: 'matrix' and 'div'

Testing empty matrix
--------------------

>>> matrix_divided([[]], 5)
[[]]

Testing div == 0
----------------

>>> matrix_divided([[1, 2 ,3], [4, 5, 6]], 0)
Traceback (most recent call last):
    ...
ZeroDivisionError: division by zero

Testing matrix != list(list(int))
---------------------------------

>>> matrix_divided(8, 3)
Traceback (most recent call last):
    ...
TypeError: matrix must be a matrix (list of lists) of integers/floats
